// Jest Snapshot v1, https://goo.gl/fbAQLP

exports[`getUmaConfiguration works with token 1`] = `
Object {
  "authorization_endpoint": "http://localhost/auth/realms/myrealm/protocol/openid-connect/auth",
  "end_session_endpoint": "http://localhost/auth/realms/myrealm/protocol/openid-connect/logout",
  "frontchannel_logout_session_supported": true,
  "frontchannel_logout_supported": true,
  "grant_types_supported": Array [
    "authorization_code",
    "implicit",
    "refresh_token",
    "password",
    "client_credentials",
    "urn:ietf:params:oauth:grant-type:device_code",
    "urn:openid:params:grant-type:ciba",
  ],
  "introspection_endpoint": "http://localhost/auth/realms/myrealm/protocol/openid-connect/token/introspect",
  "issuer": "http://localhost/auth/realms/myrealm",
  "jwks_uri": "http://localhost/auth/realms/myrealm/protocol/openid-connect/certs",
  "permission_endpoint": "http://localhost/auth/realms/myrealmz/protection/permission",
  "policy_endpoint": "http://localhost/auth/realms/myrealmz/protection/uma-policy",
  "registration_endpoint": "http://localhost/auth/realms/myrealm/clients-registrations/openid-connect",
  "resource_registration_endpoint": "http://localhost/auth/realms/myrealmz/protection/resource_set",
  "response_modes_supported": Array [
    "query",
    "fragment",
    "form_post",
    "query.jwt",
    "fragment.jwt",
    "form_post.jwt",
    "jwt",
  ],
  "response_types_supported": Array [
    "code",
    "none",
    "id_token",
    "token",
    "id_token token",
    "code id_token",
    "code token",
    "code id_token token",
  ],
  "scopes_supported": Array [
    "openid",
    "profile",
    "microprofile-jwt",
    "offline_access",
    "address",
    "web-origins",
    "phone",
    "roles",
    "email",
  ],
  "token_endpoint": "http://localhost/auth/realms/myrealm/protocol/openid-connect/token",
  "token_endpoint_auth_methods_supported": Array [
    "private_key_jwt",
    "client_secret_basic",
    "client_secret_post",
    "tls_client_auth",
    "client_secret_jwt",
  ],
  "token_endpoint_auth_signing_alg_values_supported": Array [
    "PS384",
    "ES384",
    "RS384",
    "HS256",
    "HS512",
    "ES256",
    "RS256",
    "HS384",
    "ES512",
    "PS256",
    "PS512",
    "RS512",
  ],
}
`;

exports[`getUmaConfiguration works without token 1`] = `
Object {
  "authorization_endpoint": "http://localhost/auth/realms/myrealm/protocol/openid-connect/auth",
  "end_session_endpoint": "http://localhost/auth/realms/myrealm/protocol/openid-connect/logout",
  "frontchannel_logout_session_supported": true,
  "frontchannel_logout_supported": true,
  "grant_types_supported": Array [
    "authorization_code",
    "implicit",
    "refresh_token",
    "password",
    "client_credentials",
    "urn:ietf:params:oauth:grant-type:device_code",
    "urn:openid:params:grant-type:ciba",
  ],
  "introspection_endpoint": "http://localhost/auth/realms/myrealm/protocol/openid-connect/token/introspect",
  "issuer": "http://localhost/auth/realms/myrealm",
  "jwks_uri": "http://localhost/auth/realms/myrealm/protocol/openid-connect/certs",
  "permission_endpoint": "http://localhost/auth/realms/myrealmz/protection/permission",
  "policy_endpoint": "http://localhost/auth/realms/myrealmz/protection/uma-policy",
  "registration_endpoint": "http://localhost/auth/realms/myrealm/clients-registrations/openid-connect",
  "resource_registration_endpoint": "http://localhost/auth/realms/myrealmz/protection/resource_set",
  "response_modes_supported": Array [
    "query",
    "fragment",
    "form_post",
    "query.jwt",
    "fragment.jwt",
    "form_post.jwt",
    "jwt",
  ],
  "response_types_supported": Array [
    "code",
    "none",
    "id_token",
    "token",
    "id_token token",
    "code id_token",
    "code token",
    "code id_token token",
  ],
  "scopes_supported": Array [
    "openid",
    "profile",
    "microprofile-jwt",
    "offline_access",
    "address",
    "web-origins",
    "phone",
    "roles",
    "email",
  ],
  "token_endpoint": "http://localhost/auth/realms/myrealm/protocol/openid-connect/token",
  "token_endpoint_auth_methods_supported": Array [
    "private_key_jwt",
    "client_secret_basic",
    "client_secret_post",
    "tls_client_auth",
    "client_secret_jwt",
  ],
  "token_endpoint_auth_signing_alg_values_supported": Array [
    "PS384",
    "ES384",
    "RS384",
    "HS256",
    "HS512",
    "ES256",
    "RS256",
    "HS384",
    "ES512",
    "PS256",
    "PS512",
    "RS512",
  ],
}
`;
